// Jest Snapshot v1, https://goo.gl/fbAQLP

exports[`components/sections/Experience Test Suite matches snapshot 1`] = `
<section
  className="sc-AxjAm sc-AxiKw eLvMVB"
>
  <div
    className="sc-AxjAm eiESPf"
    fontSize={28}
    fontWeight="bold"
  >
    <span
      className="sc-AxirZ jLDFnn"
      color="secondary"
    >
      exp
    </span>
    <span
      className="sc-AxirZ eDwHNh"
      color="primary"
    >
      erience
    </span>
  </div>
  <div
    className="sc-AxjAm fhEmi"
    display="flex"
    width="100%"
  >
    <div
      className="sc-AxjAm sc-AxiKw bquZTl"
    >
      <div
        className="sc-AxjAm sc-AxiKw coKGkF"
      >
        <div
          className="sc-AxjAm etsGrS"
          display="flex"
        >
          <div
            className="sc-AxjAm lpbfZv"
            color="primary"
            fontSize={18}
            fontWeight="bold"
          >
            <span
              className="sc-AxirZ bOdwdx"
            >
              OCT 2018
               - 
            </span>
            <span
              className="sc-AxirZ bOdwdx"
            >
              PRESENT
            </span>
          </div>
          <div
            className="sc-AxjAm RFbpu"
            color="secondary"
            display="flex"
            fontWeight="bold"
          >
            <div
              className="sc-AxjAm huJsNp"
              display="flex"
            >
              <div
                className=" gatsby-image-wrapper"
                style={
                  Object {
                    "display": "inline-block",
                    "height": 28,
                    "overflow": "hidden",
                    "position": "relative",
                    "width": 88,
                  }
                }
              >
                <img
                  alt=""
                  aria-hidden={true}
                  src="data:image/png;base64,iVBORw0KGgoAAAANSUhEUgAAABQAAAAGCAYAAADDl76dAAAACXBIWXMAAA7DAAAOwwHHb6hkAAABV0lEQVQY03WRu0tCYRjG35RuFl2WIMiEczI5SSQUlJgRTdZcQ2UZhGZQqGQukUMXGpIccqlAiMCaIuhCk9CYrUFbf0INDdL16TkpSEEfPDzfe/udl+9I9d3Xk/kMt47kq1uKR5W5eUX8L6oE9kq5QJkigfJS7NdzJvl7TDnkLFmgOwUMxd5iFhnPWGUB7RICoVG9h15BgIvqI8Sgg6lN5keZY+yvLPYZpe7mvb/1EnAk8uh1XsHVcUrQLLjlg1ob0bdQOXRAeXlfpic4uEY/oS/Sk1SYtVX60s+WbdcIWZ1paFWx/JQPn+7m9HON9HQVv2rmNudsTnFoh/Eudcx7nD7CWobaoI6o7QJQJj2KzMDetAXfNBAexOO+DfV6TTNGGgjzUHZCFEIO6euUhQAj42F6J6XyrhUe2BBkUxBaYzw74cV9dABYsX2M6TVc4NebE9yi/5D/zjf7/3m9SQqaUgAAAABJRU5ErkJggg=="
                  style={
                    Object {
                      "height": "100%",
                      "left": 0,
                      "objectFit": "cover",
                      "objectPosition": "center",
                      "opacity": 1,
                      "position": "absolute",
                      "top": 0,
                      "transitionDelay": "500ms",
                      "width": "100%",
                    }
                  }
                />
                <picture>
                  <source
                    srcSet="/static/22ad4d7391d93f83828ca545f3e542b5/75b01/company_sigfox.png 1x,
/static/22ad4d7391d93f83828ca545f3e542b5/a0e46/company_sigfox.png 1.5x,
/static/22ad4d7391d93f83828ca545f3e542b5/eb579/company_sigfox.png 2x"
                  />
                  <img
                    alt=""
                    height={28}
                    loading="lazy"
                    onLoad={[Function]}
                    src="/static/22ad4d7391d93f83828ca545f3e542b5/75b01/company_sigfox.png"
                    srcSet="/static/22ad4d7391d93f83828ca545f3e542b5/75b01/company_sigfox.png 1x,
/static/22ad4d7391d93f83828ca545f3e542b5/a0e46/company_sigfox.png 1.5x,
/static/22ad4d7391d93f83828ca545f3e542b5/eb579/company_sigfox.png 2x"
                    style={
                      Object {
                        "height": "100%",
                        "left": 0,
                        "objectFit": "cover",
                        "objectPosition": "center",
                        "opacity": 0,
                        "position": "absolute",
                        "top": 0,
                        "transition": "opacity 500ms",
                        "width": "100%",
                      }
                    }
                    width={88}
                  />
                </picture>
                <noscript
                  dangerouslySetInnerHTML={
                    Object {
                      "__html": "<picture><source srcset=\\"/static/22ad4d7391d93f83828ca545f3e542b5/75b01/company_sigfox.png 1x,
/static/22ad4d7391d93f83828ca545f3e542b5/a0e46/company_sigfox.png 1.5x,
/static/22ad4d7391d93f83828ca545f3e542b5/eb579/company_sigfox.png 2x\\" /><img loading=\\"lazy\\" width=\\"88\\" height=\\"28\\" srcset=\\"/static/22ad4d7391d93f83828ca545f3e542b5/75b01/company_sigfox.png 1x,
/static/22ad4d7391d93f83828ca545f3e542b5/a0e46/company_sigfox.png 1.5x,
/static/22ad4d7391d93f83828ca545f3e542b5/eb579/company_sigfox.png 2x\\" src=\\"/static/22ad4d7391d93f83828ca545f3e542b5/75b01/company_sigfox.png\\" alt=\\"\\" style=\\"position:absolute;top:0;left:0;opacity:1;width:100%;height:100%;object-fit:cover;object-position:center\\"/></picture>",
                    }
                  }
                />
              </div>
            </div>
            <span
              className="sc-AxirZ cLrWIk"
            >
              |
            </span>
            <div
              className="sc-AxjAm eRsvub"
              display="flex"
            >
              <span
                className="sc-AxirZ eSHEaU"
                fontSize={16}
                fontStyle="italic"
              >
                Wireless Networks
              </span>
            </div>
          </div>
        </div>
        <div
          className="sc-AxjAm gFKxpe"
        >
          <div
            className="sc-AxjAm exrHeN"
            display="flex"
          >
            <span
              className="sc-AxirZ cTjDii"
              color="body1"
              fontWeight="bold"
            >
              Project
              :
            </span>
            <div
              className="sc-AxjAm fwkkgR"
              fontWeight="bolder"
            >
              <span
                className="sc-AxirZ DEpmY"
                color="body1"
              >
                XDoG
                 | 
              </span>
              <span
                className="sc-AxirZ fbOqfC"
                color="body1"
                fontStyle="italic"
              >
                Kubernetization & move to GCP of Web platforms
              </span>
            </div>
          </div>
          <div
            className="sc-AxjAm exrHeN"
            display="flex"
          >
            <span
              className="sc-AxirZ cTjDii"
              color="body1"
              fontWeight="bold"
            >
              Techs
              :
            </span>
            <div
              className="sc-AxjAm fwkkgR"
              fontWeight="bolder"
            >
              <span
                className="sc-AxirZ gOyexN"
                color="secondary"
                fontStyle="italic"
              >
                Docker | JavaScript | Kubernetes | GCP | Istio
              </span>
            </div>
          </div>
          <span
            className="sc-AxirZ bxXmIK"
            color="body2"
            display="block"
            fontWeight="bolder"
          >
            • 
            Migrate web platforms to Kubernetes on Google Cloud Platform
          </span>
          <span
            className="sc-AxirZ bxXmIK"
            color="body2"
            display="block"
            fontWeight="bolder"
          >
            • 
            Adapt APIs for K8s: health probes, Prometheus metrics, etc
          </span>
        </div>
        <div
          className="sc-AxjAm diSKPk"
        >
          <div
            className="sc-AxjAm exrHeN"
            display="flex"
          >
            <span
              className="sc-AxirZ cTjDii"
              color="body1"
              fontWeight="bold"
            >
              Project
              :
            </span>
            <div
              className="sc-AxjAm fwkkgR"
              fontWeight="bolder"
            >
              <span
                className="sc-AxirZ fbOqfC"
                color="body1"
                fontStyle="italic"
              >
                Features development & maintenance of Web platforms
              </span>
            </div>
          </div>
          <div
            className="sc-AxjAm exrHeN"
            display="flex"
          >
            <span
              className="sc-AxirZ cTjDii"
              color="body1"
              fontWeight="bold"
            >
              Techs
              :
            </span>
            <div
              className="sc-AxjAm fwkkgR"
              fontWeight="bolder"
            >
              <span
                className="sc-AxirZ gOyexN"
                color="secondary"
                fontStyle="italic"
              >
                Node.js | React | JavaScript | Styled-Components | Gatsby.js
              </span>
            </div>
          </div>
          <span
            className="sc-AxirZ bxXmIK"
            color="body2"
            display="block"
            fontWeight="bolder"
          >
            • 
            Back-end & front-end engineering & development
          </span>
        </div>
      </div>
      <div
        className="sc-AxjAm sc-AxiKw coKGkF"
      >
        <div
          className="sc-AxjAm etsGrS"
          display="flex"
        >
          <div
            className="sc-AxjAm lpbfZv"
            color="primary"
            fontSize={18}
            fontWeight="bold"
          >
            <span
              className="sc-AxirZ bOdwdx"
            >
              JUN 2018
               - 
            </span>
            <span
              className="sc-AxirZ bOdwdx"
            >
              SEP 2018
            </span>
          </div>
          <div
            className="sc-AxjAm RFbpu"
            color="secondary"
            display="flex"
            fontWeight="bold"
          >
            <div
              className="sc-AxjAm huJsNp"
              display="flex"
            >
              <div
                className=" gatsby-image-wrapper"
                style={
                  Object {
                    "display": "inline-block",
                    "height": 28,
                    "overflow": "hidden",
                    "position": "relative",
                    "width": 100,
                  }
                }
              >
                <img
                  alt=""
                  aria-hidden={true}
                  src="data:image/png;base64,iVBORw0KGgoAAAANSUhEUgAAABQAAAAGCAYAAADDl76dAAAACXBIWXMAAAsTAAALEwEAmpwYAAAA60lEQVQY02NgKFjLAAb5a5iAbEaG/LVMQDaQXsMApRkh4lAaBAoQbMaSDQyoIH9NERBLMBAL8tcoI7HFgQazMOSt5gTSUxiyViRAXJa/xhaIjYHYEYgToLQrEHsAsQMQlwBxOFSdNlSuEugbEFsPaNgFhvKd/5mrt/4HGSgExO1Q3A3Es4B4ChQvAOJ+IN4KxPOAuA2IO6DijUDczFC4NouheNN/pqpt/wWWXf8OMjASiO2A2B6q2RrqQpAmH6gLNYDYCIh1gNgNKs8HdJkvQ9E6GaBXXXlmnp0osvmhC3r4OEDpHCDOZCADAAAaVnt6MFozCQAAAABJRU5ErkJggg=="
                  style={
                    Object {
                      "height": "100%",
                      "left": 0,
                      "objectFit": "cover",
                      "objectPosition": "center",
                      "opacity": 1,
                      "position": "absolute",
                      "top": 0,
                      "transitionDelay": "500ms",
                      "width": "100%",
                    }
                  }
                />
                <picture>
                  <source
                    srcSet="/static/f6d7a5d85ab570afb7bdb80e524e15dc/75b01/company_capgemini.png 1x,
/static/f6d7a5d85ab570afb7bdb80e524e15dc/a0e46/company_capgemini.png 1.5x,
/static/f6d7a5d85ab570afb7bdb80e524e15dc/eb579/company_capgemini.png 2x"
                  />
                  <img
                    alt=""
                    height={28}
                    loading="lazy"
                    onLoad={[Function]}
                    src="/static/f6d7a5d85ab570afb7bdb80e524e15dc/75b01/company_capgemini.png"
                    srcSet="/static/f6d7a5d85ab570afb7bdb80e524e15dc/75b01/company_capgemini.png 1x,
/static/f6d7a5d85ab570afb7bdb80e524e15dc/a0e46/company_capgemini.png 1.5x,
/static/f6d7a5d85ab570afb7bdb80e524e15dc/eb579/company_capgemini.png 2x"
                    style={
                      Object {
                        "height": "100%",
                        "left": 0,
                        "objectFit": "cover",
                        "objectPosition": "center",
                        "opacity": 0,
                        "position": "absolute",
                        "top": 0,
                        "transition": "opacity 500ms",
                        "width": "100%",
                      }
                    }
                    width={100}
                  />
                </picture>
                <noscript
                  dangerouslySetInnerHTML={
                    Object {
                      "__html": "<picture><source srcset=\\"/static/f6d7a5d85ab570afb7bdb80e524e15dc/75b01/company_capgemini.png 1x,
/static/f6d7a5d85ab570afb7bdb80e524e15dc/a0e46/company_capgemini.png 1.5x,
/static/f6d7a5d85ab570afb7bdb80e524e15dc/eb579/company_capgemini.png 2x\\" /><img loading=\\"lazy\\" width=\\"100\\" height=\\"28\\" srcset=\\"/static/f6d7a5d85ab570afb7bdb80e524e15dc/75b01/company_capgemini.png 1x,
/static/f6d7a5d85ab570afb7bdb80e524e15dc/a0e46/company_capgemini.png 1.5x,
/static/f6d7a5d85ab570afb7bdb80e524e15dc/eb579/company_capgemini.png 2x\\" src=\\"/static/f6d7a5d85ab570afb7bdb80e524e15dc/75b01/company_capgemini.png\\" alt=\\"\\" style=\\"position:absolute;top:0;left:0;opacity:1;width:100%;height:100%;object-fit:cover;object-position:center\\"/></picture>",
                    }
                  }
                />
              </div>
            </div>
            <span
              className="sc-AxirZ cLrWIk"
            >
              |
            </span>
            <div
              className="sc-AxjAm eRsvub"
              display="flex"
            >
              <span
                className="sc-AxirZ eSHEaU"
                fontSize={16}
                fontStyle="italic"
              >
                IT Services
              </span>
            </div>
          </div>
        </div>
        <div
          className="sc-AxjAm diSKPk"
        >
          <div
            className="sc-AxjAm exrHeN"
            display="flex"
          >
            <span
              className="sc-AxirZ cTjDii"
              color="body1"
              fontWeight="bold"
            >
              Client
              :
            </span>
            <div
              className="sc-AxjAm fwkkgR"
              fontWeight="bolder"
            >
              <span
                className="sc-AxirZ DEpmY"
                color="body1"
              >
                Airbus Defence & Space
                 | 
              </span>
              <span
                className="sc-AxirZ fbOqfC"
                color="body1"
                fontStyle="italic"
              >
                Space Systems
              </span>
            </div>
          </div>
          <div
            className="sc-AxjAm exrHeN"
            display="flex"
          >
            <span
              className="sc-AxirZ cTjDii"
              color="body1"
              fontWeight="bold"
            >
              Project
              :
            </span>
            <div
              className="sc-AxjAm fwkkgR"
              fontWeight="bolder"
            >
              <span
                className="sc-AxirZ DEpmY"
                color="body1"
              >
                NemEO - DiginEO
                 | 
              </span>
              <span
                className="sc-AxirZ fbOqfC"
                color="body1"
                fontStyle="italic"
              >
                Web framework - Web portal
              </span>
            </div>
          </div>
          <div
            className="sc-AxjAm exrHeN"
            display="flex"
          >
            <span
              className="sc-AxirZ cTjDii"
              color="body1"
              fontWeight="bold"
            >
              Techs
              :
            </span>
            <div
              className="sc-AxjAm fwkkgR"
              fontWeight="bolder"
            >
              <span
                className="sc-AxirZ gOyexN"
                color="secondary"
                fontStyle="italic"
              >
                React.js | Redux | Node.js | TypeScript | Docker
              </span>
            </div>
          </div>
          <span
            className="sc-AxirZ bxXmIK"
            color="body2"
            display="block"
            fontWeight="bolder"
          >
            • 
            Technical manager of a 3 developer team
          </span>
          <span
            className="sc-AxirZ bxXmIK"
            color="body2"
            display="block"
            fontWeight="bolder"
          >
            • 
            Front-end development: React.js & Redux
          </span>
          <span
            className="sc-AxirZ bxXmIK"
            color="body2"
            display="block"
            fontWeight="bolder"
          >
            • 
            Maintenance of the Architectural Design Document
          </span>
          <span
            className="sc-AxirZ bxXmIK"
            color="body2"
            display="block"
            fontWeight="bolder"
          >
            • 
            Deployment industrialization using Docker
          </span>
        </div>
      </div>
      <div
        className="sc-AxjAm sc-AxiKw coKGkF"
      >
        <div
          className="sc-AxjAm etsGrS"
          display="flex"
        >
          <div
            className="sc-AxjAm lpbfZv"
            color="primary"
            fontSize={18}
            fontWeight="bold"
          >
            <span
              className="sc-AxirZ bOdwdx"
            >
              JUN 2017
               - 
            </span>
            <span
              className="sc-AxirZ bOdwdx"
            >
              JUN 2018
            </span>
          </div>
          <div
            className="sc-AxjAm RFbpu"
            color="secondary"
            display="flex"
            fontWeight="bold"
          >
            <div
              className="sc-AxjAm huJsNp"
              display="flex"
            >
              <div
                className=" gatsby-image-wrapper"
                style={
                  Object {
                    "display": "inline-block",
                    "height": 28,
                    "overflow": "hidden",
                    "position": "relative",
                    "width": 64,
                  }
                }
              >
                <img
                  alt=""
                  aria-hidden={true}
                  src="data:image/png;base64,iVBORw0KGgoAAAANSUhEUgAAABQAAAAJCAYAAAAywQxIAAAACXBIWXMAAAsTAAALEwEAmpwYAAACJ0lEQVQoz2NgAILkDTsZYKB53QEmBjKA5v+bCM7////B9NEjtxhBNGP3RA6Tjrlhqo1TG+WqJtSpNExpNJm0MIv/xiZO+Yap8tpNM8oVaie2qLdMb7Cev8KTH6pfZ/MaINlUAuasP3sd7LKKTQeC8lfsfB+0YN1Vh5nLi4375ofa9y9OC1uycW38zj11mQu2fnaaveKoTvdsd+/Jy8tj127borVvgzRIr9bmNYwMSy6fZWg4coQFJNB16KT+tmuP/yeu3nYYm7eatx9OP/bw3f/G/ce2Rl07LoUu33bqMGpwbbp+Z8r9H///e+zYvNhr16Ym952b1rvt3LTdY+emwx67N2933LVhdeGJo+93P3nxf//DF/+XXLx+Jm7H7iCdLUsEgMEGDi6GmRdOSTadOOSXcWx3XO72PXMbtpz677Js9a2c+yfcim8e0yl7eFplzv8Xwsk7dnmEbdjS5n5nt0r50xOyy2/cMJ6x+/SBop2n/7tsWLuk4czh8LaTh+0YZl08rVx34qBo0tbNYG+7T1jab9k+/6te19z1ImW9SSLF3eEKNZNbbHsXXfWcvvKLYfe8XZI1E7OY8lv9FasnH3CctPRX2LF9xiC9naePymJNAkzF7WrCxV2FgiVdrQLFnY2iFT0VIh1THBg6+mVFirvShEq6WoSKO1uFK3sLuGfPkkfRDHQhY/OJQwy1b48x5O05wBDRvITkdOg1fzXjN2DSmXj2OAMAi97/52chCZsAAAAASUVORK5CYII="
                  style={
                    Object {
                      "height": "100%",
                      "left": 0,
                      "objectFit": "cover",
                      "objectPosition": "center",
                      "opacity": 1,
                      "position": "absolute",
                      "top": 0,
                      "transitionDelay": "500ms",
                      "width": "100%",
                    }
                  }
                />
                <picture>
                  <source
                    srcSet="/static/2a7f2ce7fab80d56fa155c8aa6fc4a67/75b01/company_cs.png 1x,
/static/2a7f2ce7fab80d56fa155c8aa6fc4a67/a0e46/company_cs.png 1.5x,
/static/2a7f2ce7fab80d56fa155c8aa6fc4a67/eb579/company_cs.png 2x"
                  />
                  <img
                    alt=""
                    height={28}
                    loading="lazy"
                    onLoad={[Function]}
                    src="/static/2a7f2ce7fab80d56fa155c8aa6fc4a67/75b01/company_cs.png"
                    srcSet="/static/2a7f2ce7fab80d56fa155c8aa6fc4a67/75b01/company_cs.png 1x,
/static/2a7f2ce7fab80d56fa155c8aa6fc4a67/a0e46/company_cs.png 1.5x,
/static/2a7f2ce7fab80d56fa155c8aa6fc4a67/eb579/company_cs.png 2x"
                    style={
                      Object {
                        "height": "100%",
                        "left": 0,
                        "objectFit": "cover",
                        "objectPosition": "center",
                        "opacity": 0,
                        "position": "absolute",
                        "top": 0,
                        "transition": "opacity 500ms",
                        "width": "100%",
                      }
                    }
                    width={64}
                  />
                </picture>
                <noscript
                  dangerouslySetInnerHTML={
                    Object {
                      "__html": "<picture><source srcset=\\"/static/2a7f2ce7fab80d56fa155c8aa6fc4a67/75b01/company_cs.png 1x,
/static/2a7f2ce7fab80d56fa155c8aa6fc4a67/a0e46/company_cs.png 1.5x,
/static/2a7f2ce7fab80d56fa155c8aa6fc4a67/eb579/company_cs.png 2x\\" /><img loading=\\"lazy\\" width=\\"64\\" height=\\"28\\" srcset=\\"/static/2a7f2ce7fab80d56fa155c8aa6fc4a67/75b01/company_cs.png 1x,
/static/2a7f2ce7fab80d56fa155c8aa6fc4a67/a0e46/company_cs.png 1.5x,
/static/2a7f2ce7fab80d56fa155c8aa6fc4a67/eb579/company_cs.png 2x\\" src=\\"/static/2a7f2ce7fab80d56fa155c8aa6fc4a67/75b01/company_cs.png\\" alt=\\"\\" style=\\"position:absolute;top:0;left:0;opacity:1;width:100%;height:100%;object-fit:cover;object-position:center\\"/></picture>",
                    }
                  }
                />
              </div>
            </div>
            <span
              className="sc-AxirZ cLrWIk"
            >
              |
            </span>
            <div
              className="sc-AxjAm eRsvub"
              display="flex"
            >
              <span
                className="sc-AxirZ eSHEaU"
                fontSize={16}
                fontStyle="italic"
              >
                Aerospace Industry
              </span>
            </div>
          </div>
        </div>
        <div
          className="sc-AxjAm diSKPk"
        >
          <div
            className="sc-AxjAm exrHeN"
            display="flex"
          >
            <span
              className="sc-AxirZ cTjDii"
              color="body1"
              fontWeight="bold"
            >
              Client
              :
            </span>
            <div
              className="sc-AxjAm fwkkgR"
              fontWeight="bolder"
            >
              <span
                className="sc-AxirZ DEpmY"
                color="body1"
              >
                Airbus Defence & Space
                 | 
              </span>
              <span
                className="sc-AxirZ fbOqfC"
                color="body1"
                fontStyle="italic"
              >
                Space Systems
              </span>
            </div>
          </div>
          <div
            className="sc-AxjAm exrHeN"
            display="flex"
          >
            <span
              className="sc-AxirZ cTjDii"
              color="body1"
              fontWeight="bold"
            >
              Project
              :
            </span>
            <div
              className="sc-AxjAm fwkkgR"
              fontWeight="bolder"
            >
              <span
                className="sc-AxirZ DEpmY"
                color="body1"
              >
                Pulsar
                 | 
              </span>
              <span
                className="sc-AxirZ fbOqfC"
                color="body1"
                fontStyle="italic"
              >
                Ground-Segment simulators, validation & testing web interface
              </span>
            </div>
          </div>
          <div
            className="sc-AxjAm exrHeN"
            display="flex"
          >
            <span
              className="sc-AxirZ cTjDii"
              color="body1"
              fontWeight="bold"
            >
              Techs
              :
            </span>
            <div
              className="sc-AxjAm fwkkgR"
              fontWeight="bolder"
            >
              <span
                className="sc-AxirZ gOyexN"
                color="secondary"
                fontStyle="italic"
              >
                Node.js | TypeScript | Angular | Docker | PostgreSQL | Java 8 | Spring Boot
              </span>
            </div>
          </div>
          <span
            className="sc-AxirZ bxXmIK"
            color="body2"
            display="block"
            fontWeight="bolder"
          >
            • 
            Use case supervisor on Postgres DB engineering & implementation
          </span>
          <span
            className="sc-AxirZ bxXmIK"
            color="body2"
            display="block"
            fontWeight="bolder"
          >
            • 
            Development of multiple micro-services & components: - back-end using Node.js & TypeScript - front-end using Angular v6
          </span>
          <span
            className="sc-AxirZ bxXmIK"
            color="body2"
            display="block"
            fontWeight="bolder"
          >
            • 
            Micro-services dockerization
          </span>
          <span
            className="sc-AxirZ bxXmIK"
            color="body2"
            display="block"
            fontWeight="bolder"
          >
            • 
            CLI utilities development
          </span>
        </div>
      </div>
      <div
        className="sc-AxjAm sc-AxiKw coKGkF"
      >
        <div
          className="sc-AxjAm etsGrS"
          display="flex"
        >
          <div
            className="sc-AxjAm lpbfZv"
            color="primary"
            fontSize={18}
            fontWeight="bold"
          >
            <span
              className="sc-AxirZ bOdwdx"
            >
              JAN 2017
               - 
            </span>
            <span
              className="sc-AxirZ bOdwdx"
            >
              MAY 2017
            </span>
          </div>
          <div
            className="sc-AxjAm RFbpu"
            color="secondary"
            display="flex"
            fontWeight="bold"
          >
            <div
              className="sc-AxjAm huJsNp"
              display="flex"
            >
              <div
                className=" gatsby-image-wrapper"
                style={
                  Object {
                    "display": "inline-block",
                    "height": 28,
                    "overflow": "hidden",
                    "position": "relative",
                    "width": 64,
                  }
                }
              >
                <img
                  alt=""
                  aria-hidden={true}
                  src="data:image/png;base64,iVBORw0KGgoAAAANSUhEUgAAABQAAAAJCAYAAAAywQxIAAAACXBIWXMAAAsTAAALEwEAmpwYAAACJ0lEQVQoz2NgAILkDTsZYKB53QEmBjKA5v+bCM7////B9NEjtxhBNGP3RA6Tjrlhqo1TG+WqJtSpNExpNJm0MIv/xiZO+Yap8tpNM8oVaie2qLdMb7Cev8KTH6pfZ/MaINlUAuasP3sd7LKKTQeC8lfsfB+0YN1Vh5nLi4375ofa9y9OC1uycW38zj11mQu2fnaaveKoTvdsd+/Jy8tj127borVvgzRIr9bmNYwMSy6fZWg4coQFJNB16KT+tmuP/yeu3nYYm7eatx9OP/bw3f/G/ce2Rl07LoUu33bqMGpwbbp+Z8r9H///e+zYvNhr16Ym952b1rvt3LTdY+emwx67N2933LVhdeGJo+93P3nxf//DF/+XXLx+Jm7H7iCdLUsEgMEGDi6GmRdOSTadOOSXcWx3XO72PXMbtpz677Js9a2c+yfcim8e0yl7eFplzv8Xwsk7dnmEbdjS5n5nt0r50xOyy2/cMJ6x+/SBop2n/7tsWLuk4czh8LaTh+0YZl08rVx34qBo0tbNYG+7T1jab9k+/6te19z1ImW9SSLF3eEKNZNbbHsXXfWcvvKLYfe8XZI1E7OY8lv9FasnH3CctPRX2LF9xiC9naePymJNAkzF7WrCxV2FgiVdrQLFnY2iFT0VIh1THBg6+mVFirvShEq6WoSKO1uFK3sLuGfPkkfRDHQhY/OJQwy1b48x5O05wBDRvITkdOg1fzXjN2DSmXj2OAMAi97/52chCZsAAAAASUVORK5CYII="
                  style={
                    Object {
                      "height": "100%",
                      "left": 0,
                      "objectFit": "cover",
                      "objectPosition": "center",
                      "opacity": 1,
                      "position": "absolute",
                      "top": 0,
                      "transitionDelay": "500ms",
                      "width": "100%",
                    }
                  }
                />
                <picture>
                  <source
                    srcSet="/static/2a7f2ce7fab80d56fa155c8aa6fc4a67/75b01/company_cs.png 1x,
/static/2a7f2ce7fab80d56fa155c8aa6fc4a67/a0e46/company_cs.png 1.5x,
/static/2a7f2ce7fab80d56fa155c8aa6fc4a67/eb579/company_cs.png 2x"
                  />
                  <img
                    alt=""
                    height={28}
                    loading="lazy"
                    onLoad={[Function]}
                    src="/static/2a7f2ce7fab80d56fa155c8aa6fc4a67/75b01/company_cs.png"
                    srcSet="/static/2a7f2ce7fab80d56fa155c8aa6fc4a67/75b01/company_cs.png 1x,
/static/2a7f2ce7fab80d56fa155c8aa6fc4a67/a0e46/company_cs.png 1.5x,
/static/2a7f2ce7fab80d56fa155c8aa6fc4a67/eb579/company_cs.png 2x"
                    style={
                      Object {
                        "height": "100%",
                        "left": 0,
                        "objectFit": "cover",
                        "objectPosition": "center",
                        "opacity": 0,
                        "position": "absolute",
                        "top": 0,
                        "transition": "opacity 500ms",
                        "width": "100%",
                      }
                    }
                    width={64}
                  />
                </picture>
                <noscript
                  dangerouslySetInnerHTML={
                    Object {
                      "__html": "<picture><source srcset=\\"/static/2a7f2ce7fab80d56fa155c8aa6fc4a67/75b01/company_cs.png 1x,
/static/2a7f2ce7fab80d56fa155c8aa6fc4a67/a0e46/company_cs.png 1.5x,
/static/2a7f2ce7fab80d56fa155c8aa6fc4a67/eb579/company_cs.png 2x\\" /><img loading=\\"lazy\\" width=\\"64\\" height=\\"28\\" srcset=\\"/static/2a7f2ce7fab80d56fa155c8aa6fc4a67/75b01/company_cs.png 1x,
/static/2a7f2ce7fab80d56fa155c8aa6fc4a67/a0e46/company_cs.png 1.5x,
/static/2a7f2ce7fab80d56fa155c8aa6fc4a67/eb579/company_cs.png 2x\\" src=\\"/static/2a7f2ce7fab80d56fa155c8aa6fc4a67/75b01/company_cs.png\\" alt=\\"\\" style=\\"position:absolute;top:0;left:0;opacity:1;width:100%;height:100%;object-fit:cover;object-position:center\\"/></picture>",
                    }
                  }
                />
              </div>
            </div>
            <span
              className="sc-AxirZ cLrWIk"
            >
              |
            </span>
            <div
              className="sc-AxjAm eRsvub"
              display="flex"
            >
              <span
                className="sc-AxirZ eSHEaU"
                fontSize={16}
                fontStyle="italic"
              >
                Aerospace Industry
              </span>
            </div>
          </div>
        </div>
        <div
          className="sc-AxjAm diSKPk"
        >
          <div
            className="sc-AxjAm exrHeN"
            display="flex"
          >
            <span
              className="sc-AxirZ cTjDii"
              color="body1"
              fontWeight="bold"
            >
              Client
              :
            </span>
            <div
              className="sc-AxjAm fwkkgR"
              fontWeight="bolder"
            >
              <span
                className="sc-AxirZ DEpmY"
                color="body1"
              >
                CNES
                 | 
              </span>
              <span
                className="sc-AxirZ fbOqfC"
                color="body1"
                fontStyle="italic"
              >
                French Space Agency
              </span>
            </div>
          </div>
          <div
            className="sc-AxjAm exrHeN"
            display="flex"
          >
            <span
              className="sc-AxirZ cTjDii"
              color="body1"
              fontWeight="bold"
            >
              Project
              :
            </span>
            <div
              className="sc-AxjAm fwkkgR"
              fontWeight="bolder"
            >
              <span
                className="sc-AxirZ DEpmY"
                color="body1"
              >
                Trafic
                 | 
              </span>
              <span
                className="sc-AxirZ fbOqfC"
                color="body1"
                fontStyle="italic"
              >
                Customizable transfer tool using native File System, FTP & SFTP
              </span>
            </div>
          </div>
          <div
            className="sc-AxjAm exrHeN"
            display="flex"
          >
            <span
              className="sc-AxirZ cTjDii"
              color="body1"
              fontWeight="bold"
            >
              Techs
              :
            </span>
            <div
              className="sc-AxjAm fwkkgR"
              fontWeight="bolder"
            >
              <span
                className="sc-AxirZ gOyexN"
                color="secondary"
                fontStyle="italic"
              >
                Java 6 | JsCh | Jenkins
              </span>
            </div>
          </div>
          <span
            className="sc-AxirZ bxXmIK"
            color="body2"
            display="block"
            fontWeight="bolder"
          >
            • 
            Development of a new transfer protocol using native File System
          </span>
          <span
            className="sc-AxirZ bxXmIK"
            color="body2"
            display="block"
            fontWeight="bolder"
          >
            • 
            Maintenance & quality controls: refactoring of several classes
          </span>
          <span
            className="sc-AxirZ bxXmIK"
            color="body2"
            display="block"
            fontWeight="bolder"
          >
            • 
            Jenkins CI/CD project integration
          </span>
        </div>
      </div>
      <div
        className="sc-AxjAm sc-AxiKw coKGkF"
      >
        <div
          className="sc-AxjAm etsGrS"
          display="flex"
        >
          <div
            className="sc-AxjAm lpbfZv"
            color="primary"
            fontSize={18}
            fontWeight="bold"
          >
            <span
              className="sc-AxirZ bOdwdx"
            >
              NOV 2016
               - 
            </span>
            <span
              className="sc-AxirZ bOdwdx"
            >
              DEC 2016
            </span>
          </div>
          <div
            className="sc-AxjAm RFbpu"
            color="secondary"
            display="flex"
            fontWeight="bold"
          >
            <div
              className="sc-AxjAm huJsNp"
              display="flex"
            >
              <div
                className=" gatsby-image-wrapper"
                style={
                  Object {
                    "display": "inline-block",
                    "height": 28,
                    "overflow": "hidden",
                    "position": "relative",
                    "width": 60,
                  }
                }
              >
                <img
                  alt=""
                  aria-hidden={true}
                  src="data:image/png;base64,iVBORw0KGgoAAAANSUhEUgAAABQAAAAJCAYAAAAywQxIAAAACXBIWXMAAC4jAAAuIwF4pT92AAABpklEQVQoz42Sz0sCQRTH12qxEiKJwHZ215Udf3QoD1FKEEQeEooOHiIiggIj0tJ+F1F58GIaVHToUmCUZRaadQg8de//6dp3dHbr2MCH9+bN2+/Me28FRSGXwCtgwbYwW1jTLQJfjwk9U9mig8YeOZZfX/rjE9PxyrJUhNXZPjSgiEbSQ0LPlTfpkiC0i06VTKoKsfFvhoGf+zIQua8YojpEnzQncf95WRaCcX5+Am6Rcww7CgosH7Zflsk5oDyvYpaJ293wi/ZuyYUSUyg7yeIjfsWGeJnIUhtsF0iDAATnYOdBFr6HC77XX4MbGmU2O1zhIeX+Y59G2fZw2mVtnEuLSK4BAjbAGGILAIJSzhCErTIxs7EOSUoF++To2w49zcd0H4utTGhWfnsAXIM9EITQDL6dBRmjd7CvhhZTz6Lx9TLvVnUfeliqblON7dHbM5wzwQuQBAfgE7EIuILoOJ96zRRDQoz5uxFN5EPRMZTnr7RHae3smVJV8oK8MOjgvxr7M0IgzgYG2Nkye+aRIYbBNDFbWqf1QRWTlEI4/33Taxf+uX4AcKxpzbCEg+EAAAAASUVORK5CYII="
                  style={
                    Object {
                      "height": "100%",
                      "left": 0,
                      "objectFit": "cover",
                      "objectPosition": "center",
                      "opacity": 1,
                      "position": "absolute",
                      "top": 0,
                      "transitionDelay": "500ms",
                      "width": "100%",
                    }
                  }
                />
                <picture>
                  <source
                    srcSet="/static/488a715a4ea0b8289ec5fd620cf7887f/75b01/company_sqli.png 1x,
/static/488a715a4ea0b8289ec5fd620cf7887f/a0e46/company_sqli.png 1.5x,
/static/488a715a4ea0b8289ec5fd620cf7887f/eb579/company_sqli.png 2x"
                  />
                  <img
                    alt=""
                    height={28}
                    loading="lazy"
                    onLoad={[Function]}
                    src="/static/488a715a4ea0b8289ec5fd620cf7887f/75b01/company_sqli.png"
                    srcSet="/static/488a715a4ea0b8289ec5fd620cf7887f/75b01/company_sqli.png 1x,
/static/488a715a4ea0b8289ec5fd620cf7887f/a0e46/company_sqli.png 1.5x,
/static/488a715a4ea0b8289ec5fd620cf7887f/eb579/company_sqli.png 2x"
                    style={
                      Object {
                        "height": "100%",
                        "left": 0,
                        "objectFit": "cover",
                        "objectPosition": "center",
                        "opacity": 0,
                        "position": "absolute",
                        "top": 0,
                        "transition": "opacity 500ms",
                        "width": "100%",
                      }
                    }
                    width={60}
                  />
                </picture>
                <noscript
                  dangerouslySetInnerHTML={
                    Object {
                      "__html": "<picture><source srcset=\\"/static/488a715a4ea0b8289ec5fd620cf7887f/75b01/company_sqli.png 1x,
/static/488a715a4ea0b8289ec5fd620cf7887f/a0e46/company_sqli.png 1.5x,
/static/488a715a4ea0b8289ec5fd620cf7887f/eb579/company_sqli.png 2x\\" /><img loading=\\"lazy\\" width=\\"60\\" height=\\"28\\" srcset=\\"/static/488a715a4ea0b8289ec5fd620cf7887f/75b01/company_sqli.png 1x,
/static/488a715a4ea0b8289ec5fd620cf7887f/a0e46/company_sqli.png 1.5x,
/static/488a715a4ea0b8289ec5fd620cf7887f/eb579/company_sqli.png 2x\\" src=\\"/static/488a715a4ea0b8289ec5fd620cf7887f/75b01/company_sqli.png\\" alt=\\"\\" style=\\"position:absolute;top:0;left:0;opacity:1;width:100%;height:100%;object-fit:cover;object-position:center\\"/></picture>",
                    }
                  }
                />
              </div>
            </div>
            <span
              className="sc-AxirZ cLrWIk"
            >
              |
            </span>
            <div
              className="sc-AxjAm eRsvub"
              display="flex"
            >
              <span
                className="sc-AxirZ eSHEaU"
                fontSize={16}
                fontStyle="italic"
              >
                IT Services
              </span>
            </div>
          </div>
        </div>
        <div
          className="sc-AxjAm diSKPk"
        >
          <div
            className="sc-AxjAm exrHeN"
            display="flex"
          >
            <span
              className="sc-AxirZ cTjDii"
              color="body1"
              fontWeight="bold"
            >
              Client
              :
            </span>
            <div
              className="sc-AxjAm fwkkgR"
              fontWeight="bolder"
            >
              <span
                className="sc-AxirZ DEpmY"
                color="body1"
              >
                Omnium Finance
                 | 
              </span>
              <span
                className="sc-AxirZ fbOqfC"
                color="body1"
                fontStyle="italic"
              >
                Financial Services
              </span>
            </div>
          </div>
          <div
            className="sc-AxjAm exrHeN"
            display="flex"
          >
            <span
              className="sc-AxirZ cTjDii"
              color="body1"
              fontWeight="bold"
            >
              Project
              :
            </span>
            <div
              className="sc-AxjAm fwkkgR"
              fontWeight="bolder"
            >
              <span
                className="sc-AxirZ fbOqfC"
                color="body1"
                fontStyle="italic"
              >
                Client base management Web interface for tablets and PCs
              </span>
            </div>
          </div>
          <div
            className="sc-AxjAm exrHeN"
            display="flex"
          >
            <span
              className="sc-AxirZ cTjDii"
              color="body1"
              fontWeight="bold"
            >
              Techs
              :
            </span>
            <div
              className="sc-AxjAm fwkkgR"
              fontWeight="bolder"
            >
              <span
                className="sc-AxirZ gOyexN"
                color="secondary"
                fontStyle="italic"
              >
                Angular.js | JavaScript | Docker | Spring Boot
              </span>
            </div>
          </div>
          <span
            className="sc-AxirZ bxXmIK"
            color="body2"
            display="block"
            fontWeight="bolder"
          >
            • 
            Back-end development using Java 8 with Spring Boot & JPA
          </span>
          <span
            className="sc-AxirZ bxXmIK"
            color="body2"
            display="block"
            fontWeight="bolder"
          >
            • 
            Front-end development using Angular.js, Bootstrap & SASS
          </span>
          <span
            className="sc-AxirZ bxXmIK"
            color="body2"
            display="block"
            fontWeight="bolder"
          >
            • 
            Docker initiation & Spring Boot container creation
          </span>
        </div>
      </div>
      <div
        className="sc-AxjAm sc-AxiKw coKGkF"
      >
        <div
          className="sc-AxjAm etsGrS"
          display="flex"
        >
          <div
            className="sc-AxjAm lpbfZv"
            color="primary"
            fontSize={18}
            fontWeight="bold"
          >
            <span
              className="sc-AxirZ bOdwdx"
            >
              JUL 2016
               - 
            </span>
            <span
              className="sc-AxirZ bOdwdx"
            >
              OCT 2016
            </span>
          </div>
          <div
            className="sc-AxjAm RFbpu"
            color="secondary"
            display="flex"
            fontWeight="bold"
          >
            <div
              className="sc-AxjAm huJsNp"
              display="flex"
            >
              <div
                className=" gatsby-image-wrapper"
                style={
                  Object {
                    "display": "inline-block",
                    "height": 28,
                    "overflow": "hidden",
                    "position": "relative",
                    "width": 124,
                  }
                }
              >
                <img
                  alt=""
                  aria-hidden={true}
                  src="data:image/png;base64,iVBORw0KGgoAAAANSUhEUgAAABQAAAAFCAYAAABFA8wzAAAACXBIWXMAAAsTAAALEwEAmpwYAAABV0lEQVQY0y1Q2U7CUBTsX/hkRCNECpFFjQ+WpQjWQFhKLUsJFlAohMpekuJGNeqT/8tdevFe4sNkMmdytuGC8RK5kGrEf5Xf8kJhh0CsuPVT9v9r5jGwOtNBykGBatrLi3eET6kkkCgTVuOkSg9r/SXMaQMcEhVylq64uyU3VZcheq2Sy9u6yxBMyOQ8pRBfruUeqSY6kRqMoUebAW/hER+XephTOhOkGUvUna1hrbdAurmCfesD1g0LtUcv0Fg40HJ+4eP0DeYaQzy0HCgZNtzTbXDYtNhQTBds2LCDpgU4uTVG8YLuCvkmydYHaPT8A57sb1BomrgzfkXV7hwp7QlmF5r2F+zP3zfyeA08mYa7bzgbX1ZH3vwD8OU72KNNIRdJ0QyE4vY0WSZh+o4ot9mr5N5cgcHyE4SpH02rJCSWWQw7P5KpEj5WJAEaEZ9USID2sgwZ/wHeBL+P5M0tVwAAAABJRU5ErkJggg=="
                  style={
                    Object {
                      "height": "100%",
                      "left": 0,
                      "objectFit": "cover",
                      "objectPosition": "center",
                      "opacity": 1,
                      "position": "absolute",
                      "top": 0,
                      "transitionDelay": "500ms",
                      "width": "100%",
                    }
                  }
                />
                <picture>
                  <source
                    srcSet="/static/810954c2dfeeb582a73b77da82c28922/75b01/company_pragmantic.png 1x,
/static/810954c2dfeeb582a73b77da82c28922/a0e46/company_pragmantic.png 1.5x,
/static/810954c2dfeeb582a73b77da82c28922/eb579/company_pragmantic.png 2x"
                  />
                  <img
                    alt=""
                    height={28}
                    loading="lazy"
                    onLoad={[Function]}
                    src="/static/810954c2dfeeb582a73b77da82c28922/75b01/company_pragmantic.png"
                    srcSet="/static/810954c2dfeeb582a73b77da82c28922/75b01/company_pragmantic.png 1x,
/static/810954c2dfeeb582a73b77da82c28922/a0e46/company_pragmantic.png 1.5x,
/static/810954c2dfeeb582a73b77da82c28922/eb579/company_pragmantic.png 2x"
                    style={
                      Object {
                        "height": "100%",
                        "left": 0,
                        "objectFit": "cover",
                        "objectPosition": "center",
                        "opacity": 0,
                        "position": "absolute",
                        "top": 0,
                        "transition": "opacity 500ms",
                        "width": "100%",
                      }
                    }
                    width={124}
                  />
                </picture>
                <noscript
                  dangerouslySetInnerHTML={
                    Object {
                      "__html": "<picture><source srcset=\\"/static/810954c2dfeeb582a73b77da82c28922/75b01/company_pragmantic.png 1x,
/static/810954c2dfeeb582a73b77da82c28922/a0e46/company_pragmantic.png 1.5x,
/static/810954c2dfeeb582a73b77da82c28922/eb579/company_pragmantic.png 2x\\" /><img loading=\\"lazy\\" width=\\"124\\" height=\\"28\\" srcset=\\"/static/810954c2dfeeb582a73b77da82c28922/75b01/company_pragmantic.png 1x,
/static/810954c2dfeeb582a73b77da82c28922/a0e46/company_pragmantic.png 1.5x,
/static/810954c2dfeeb582a73b77da82c28922/eb579/company_pragmantic.png 2x\\" src=\\"/static/810954c2dfeeb582a73b77da82c28922/75b01/company_pragmantic.png\\" alt=\\"\\" style=\\"position:absolute;top:0;left:0;opacity:1;width:100%;height:100%;object-fit:cover;object-position:center\\"/></picture>",
                    }
                  }
                />
              </div>
            </div>
            <span
              className="sc-AxirZ cLrWIk"
            >
              |
            </span>
            <div
              className="sc-AxjAm eRsvub"
              display="flex"
            >
              <span
                className="sc-AxirZ eSHEaU"
                fontSize={16}
                fontStyle="italic"
              >
                Startup
              </span>
            </div>
          </div>
        </div>
        <div
          className="sc-AxjAm diSKPk"
        >
          <div
            className="sc-AxjAm exrHeN"
            display="flex"
          >
            <span
              className="sc-AxirZ cTjDii"
              color="body1"
              fontWeight="bold"
            >
              Client
              :
            </span>
            <div
              className="sc-AxjAm fwkkgR"
              fontWeight="bolder"
            >
              <span
                className="sc-AxirZ DEpmY"
                color="body1"
              >
                RoboCARE Lab
                 | 
              </span>
              <span
                className="sc-AxirZ fbOqfC"
                color="body1"
                fontStyle="italic"
              >
                Home Robotics Services
              </span>
            </div>
          </div>
          <div
            className="sc-AxjAm exrHeN"
            display="flex"
          >
            <span
              className="sc-AxirZ cTjDii"
              color="body1"
              fontWeight="bold"
            >
              Project
              :
            </span>
            <div
              className="sc-AxjAm fwkkgR"
              fontWeight="bolder"
            >
              <span
                className="sc-AxirZ fbOqfC"
                color="body1"
                fontStyle="italic"
              >
                Client base management Web interface for tablets and PCs
              </span>
            </div>
          </div>
          <div
            className="sc-AxjAm exrHeN"
            display="flex"
          >
            <span
              className="sc-AxirZ cTjDii"
              color="body1"
              fontWeight="bold"
            >
              Techs
              :
            </span>
            <div
              className="sc-AxjAm fwkkgR"
              fontWeight="bolder"
            >
              <span
                className="sc-AxirZ gOyexN"
                color="secondary"
                fontStyle="italic"
              >
                PHP | Symfony 3 | JavaScript | MySQL
              </span>
            </div>
          </div>
          <span
            className="sc-AxirZ bxXmIK"
            color="body2"
            display="block"
            fontWeight="bolder"
          >
            • 
            Engineering of a generic MySQL DB for 3 different web portals
          </span>
          <span
            className="sc-AxirZ bxXmIK"
            color="body2"
            display="block"
            fontWeight="bolder"
          >
            • 
            Web portal development in PHP using the Symfony 3 framework
          </span>
        </div>
      </div>
    </div>
  </div>
</section>
`;
