// Jest Snapshot v1, https://goo.gl/fbAQLP

exports[`components/sections/Education Test Suite matches snapshot 1`] = `
<section
  className="sc-AxhCb fKYVzZ"
>
  <div
    className="sc-AxirZ bLeYFs"
    fontSize={28}
    fontWeight="bold"
  >
    <span
      className="sc-AxiKw ftGYeL"
      color="secondary"
    >
      edu
    </span>
    <span
      className="sc-AxiKw emkGCh"
      color="primary"
    >
      cation
    </span>
  </div>
  <div
    className="sc-AxjAm gZmEXE"
    width="100%"
  >
    <div
      className="sc-AxjAm fZLFCu"
    >
      <span
        className="sc-AxiKw bfihDL"
        color="secondary"
        fontSize={
          Object {
            "_": 20,
            "tablet": 16,
          }
        }
        fontWeight="bold"
      >
        2008
      </span>
      <div
        className="sc-AxirZ etOKYk"
        display={
          Object {
            "_": "none",
            "tablet": "block",
          }
        }
        height={19}
        width={19}
      />
      <svg
        className="sc-AxirZ kOeuoC"
        display={
          Object {
            "_": "none",
            "tablet": "block",
          }
        }
        stroke="#17365c"
        strokeWidth={7}
        width="100%"
      >
        <line
          x1="50%"
          x2="100%"
          y1="27%"
          y2="27%"
        />
      </svg>
      <span
        className="sc-AxiKw jgFRye"
        color="primary"
        fontSize={
          Object {
            "_": 18,
            "tablet": 14,
          }
        }
        fontWeight="bold"
      >
        Intermediate Japanese Certificate
      </span>
      <span
        className="sc-AxiKw kpNQRt"
        color="text"
        fontSize={
          Object {
            "_": 16,
            "tablet": 12,
          }
        }
        fontWeight="bold"
      >
        Sendagaya Japanese Institute
      </span>
      <span
        className="sc-AxiKw fWXGch"
        color="text"
        fontSize={
          Object {
            "_": 14,
            "tablet": 10,
          }
        }
        fontWeight="bold"
      >
        TOKYO
         - 
        JP
      </span>
    </div>
    <div
      className="sc-AxjAm fZLFCu"
    >
      <span
        className="sc-AxiKw bfihDL"
        color="secondary"
        fontSize={
          Object {
            "_": 20,
            "tablet": 16,
          }
        }
        fontWeight="bold"
      >
        2010
      </span>
      <div
        className="sc-AxirZ etOKYk"
        display={
          Object {
            "_": "none",
            "tablet": "block",
          }
        }
        height={19}
        width={19}
      />
      <svg
        className="sc-AxirZ kOeuoC"
        display={
          Object {
            "_": "none",
            "tablet": "block",
          }
        }
        stroke="#17365c"
        strokeWidth={7}
        width="100%"
      >
        <line
          x1="0%"
          x2="50%"
          y1="27%"
          y2="27%"
        />
      </svg>
      <svg
        className="sc-AxirZ kOeuoC"
        display={
          Object {
            "_": "none",
            "tablet": "block",
          }
        }
        stroke="#17365c"
        strokeWidth={7}
        width="100%"
      >
        <line
          x1="50%"
          x2="100%"
          y1="27%"
          y2="27%"
        />
      </svg>
      <span
        className="sc-AxiKw jgFRye"
        color="primary"
        fontSize={
          Object {
            "_": 18,
            "tablet": 14,
          }
        }
        fontWeight="bold"
      >
        Japanese Language Bachelor Degree
      </span>
      <span
        className="sc-AxiKw kpNQRt"
        color="text"
        fontSize={
          Object {
            "_": 16,
            "tablet": 12,
          }
        }
        fontWeight="bold"
      >
        University of Jean-Jaures
      </span>
      <span
        className="sc-AxiKw fWXGch"
        color="text"
        fontSize={
          Object {
            "_": 14,
            "tablet": 10,
          }
        }
        fontWeight="bold"
      >
        TOULOUSE
         - 
        FR
      </span>
    </div>
    <div
      className="sc-AxjAm fZLFCu"
    >
      <span
        className="sc-AxiKw bfihDL"
        color="secondary"
        fontSize={
          Object {
            "_": 20,
            "tablet": 16,
          }
        }
        fontWeight="bold"
      >
        2012
      </span>
      <div
        className="sc-AxirZ etOKYk"
        display={
          Object {
            "_": "none",
            "tablet": "block",
          }
        }
        height={19}
        width={19}
      />
      <svg
        className="sc-AxirZ kOeuoC"
        display={
          Object {
            "_": "none",
            "tablet": "block",
          }
        }
        stroke="#17365c"
        strokeWidth={7}
        width="100%"
      >
        <line
          x1="0%"
          x2="50%"
          y1="27%"
          y2="27%"
        />
      </svg>
      <svg
        className="sc-AxirZ kOeuoC"
        display={
          Object {
            "_": "none",
            "tablet": "block",
          }
        }
        stroke="#17365c"
        strokeWidth={7}
        width="100%"
      >
        <line
          x1="50%"
          x2="100%"
          y1="27%"
          y2="27%"
        />
      </svg>
      <span
        className="sc-AxiKw jgFRye"
        color="primary"
        fontSize={
          Object {
            "_": 18,
            "tablet": 14,
          }
        }
        fontWeight="bold"
      >
        Import-Export Degree
      </span>
      <span
        className="sc-AxiKw kpNQRt"
        color="text"
        fontSize={
          Object {
            "_": 16,
            "tablet": 12,
          }
        }
        fontWeight="bold"
      >
        AFPA
      </span>
      <span
        className="sc-AxiKw fWXGch"
        color="text"
        fontSize={
          Object {
            "_": 14,
            "tablet": 10,
          }
        }
        fontWeight="bold"
      >
        TOULOUSE
         - 
        FR
      </span>
    </div>
    <div
      className="sc-AxjAm fZLFCu"
    >
      <span
        className="sc-AxiKw bfihDL"
        color="secondary"
        fontSize={
          Object {
            "_": 20,
            "tablet": 16,
          }
        }
        fontWeight="bold"
      >
        2016
      </span>
      <div
        className="sc-AxirZ etOKYk"
        display={
          Object {
            "_": "none",
            "tablet": "block",
          }
        }
        height={19}
        width={19}
      />
      <svg
        className="sc-AxirZ kOeuoC"
        display={
          Object {
            "_": "none",
            "tablet": "block",
          }
        }
        stroke="#17365c"
        strokeWidth={7}
        width="100%"
      >
        <line
          x1="0%"
          x2="50%"
          y1="27%"
          y2="27%"
        />
      </svg>
      <span
        className="sc-AxiKw jgFRye"
        color="primary"
        fontSize={
          Object {
            "_": 18,
            "tablet": 14,
          }
        }
        fontWeight="bold"
      >
        Computer Programming Bachelor Degree
      </span>
      <span
        className="sc-AxiKw kpNQRt"
        color="text"
        fontSize={
          Object {
            "_": 16,
            "tablet": 12,
          }
        }
        fontWeight="bold"
      >
        AFPA
      </span>
      <span
        className="sc-AxiKw fWXGch"
        color="text"
        fontSize={
          Object {
            "_": 14,
            "tablet": 10,
          }
        }
        fontWeight="bold"
      >
        TOULOUSE
         - 
        FR
      </span>
    </div>
  </div>
</section>
`;
