// Jest Snapshot v1, https://goo.gl/fbAQLP

exports[`components/sections/Skills Test Suite matches snapshot 1`] = `
<section
  className="sc-AxhCb ipofvh"
>
  <div
    className="sc-AxirZ bLeYFs"
    fontSize={28}
    fontWeight="bold"
  >
    <span
      className="sc-AxiKw ftGYeL"
      color="secondary"
    >
      ski
    </span>
    <span
      className="sc-AxiKw emkGCh"
      color="primary"
    >
      lls
    </span>
  </div>
  <div
    className="sc-AxjAm eSgDAg"
    width={
      Object {
        "_": "auto",
        "tablet": "calc(100% + 32px)",
      }
    }
  >
    <div
      className="sc-AxirZ clLqNQ"
      width="100%"
    >
      <label
        className="sc-AxiKw eioTIl"
        color="secondary"
        fontSize={14}
        fontWeight="bold"
      >
        programming
      </label>
      <div
        className="sc-AxjAm ikStGQ"
      >
        <span
          className="sc-AxiKw eUCEIz"
          fontSize={18}
          fontWeight="bold"
        >
          &lt;Java|Type&gt;Script
        </span>
        <span
          className="sc-AxiKw UyLlj"
          color="secondary"
          display={
            Object {
              "_": "block",
              "mobileL": "none",
            }
          }
          fontSize={22}
          fontWeight="bold"
        >
          10
          /
          10
        </span>
        <div
          className="sc-AxjAm hcQnsb"
          display={
            Object {
              "_": "none",
              "mobileL": "flex",
            }
          }
        >
          <span
            className="sc-AxirZ jPxvnW"
            height={16}
            width={16}
          />
          <span
            className="sc-AxirZ jPxvnW"
            height={16}
            width={16}
          />
          <span
            className="sc-AxirZ jPxvnW"
            height={16}
            width={16}
          />
          <span
            className="sc-AxirZ jPxvnW"
            height={16}
            width={16}
          />
          <span
            className="sc-AxirZ jPxvnW"
            height={16}
            width={16}
          />
          <span
            className="sc-AxirZ jPxvnW"
            height={16}
            width={16}
          />
          <span
            className="sc-AxirZ kFNaJk"
            height={16}
            width={16}
          />
        </div>
      </div>
      <div
        className="sc-AxjAm ikStGQ"
      >
        <span
          className="sc-AxiKw eUCEIz"
          fontSize={18}
          fontWeight="bold"
        >
          Node.js
        </span>
        <span
          className="sc-AxiKw UyLlj"
          color="secondary"
          display={
            Object {
              "_": "block",
              "mobileL": "none",
            }
          }
          fontSize={22}
          fontWeight="bold"
        >
          10
          /
          10
        </span>
        <div
          className="sc-AxjAm hcQnsb"
          display={
            Object {
              "_": "none",
              "mobileL": "flex",
            }
          }
        >
          <span
            className="sc-AxirZ jPxvnW"
            height={16}
            width={16}
          />
          <span
            className="sc-AxirZ jPxvnW"
            height={16}
            width={16}
          />
          <span
            className="sc-AxirZ jPxvnW"
            height={16}
            width={16}
          />
          <span
            className="sc-AxirZ jPxvnW"
            height={16}
            width={16}
          />
          <span
            className="sc-AxirZ jPxvnW"
            height={16}
            width={16}
          />
          <span
            className="sc-AxirZ jPxvnW"
            height={16}
            width={16}
          />
          <span
            className="sc-AxirZ kFNaJk"
            height={16}
            width={16}
          />
        </div>
      </div>
      <div
        className="sc-AxjAm ikStGQ"
      >
        <span
          className="sc-AxiKw eUCEIz"
          fontSize={18}
          fontWeight="bold"
        >
          Golang
        </span>
        <span
          className="sc-AxiKw UyLlj"
          color="secondary"
          display={
            Object {
              "_": "block",
              "mobileL": "none",
            }
          }
          fontSize={22}
          fontWeight="bold"
        >
          6
          /
          10
        </span>
        <div
          className="sc-AxjAm hcQnsb"
          display={
            Object {
              "_": "none",
              "mobileL": "flex",
            }
          }
        >
          <span
            className="sc-AxirZ jPxvnW"
            height={16}
            width={16}
          />
          <span
            className="sc-AxirZ jPxvnW"
            height={16}
            width={16}
          />
          <span
            className="sc-AxirZ jPxvnW"
            height={16}
            width={16}
          />
          <span
            className="sc-AxirZ jPxvnW"
            height={16}
            width={16}
          />
          <span
            className="sc-AxirZ cihBLs"
            height={16}
            width={16}
          />
          <span
            className="sc-AxirZ cihBLs"
            height={16}
            width={16}
          />
          <span
            className="sc-AxirZ ksRrQS"
            height={16}
            width={16}
          />
        </div>
      </div>
      <div
        className="sc-AxjAm ikStGQ"
      >
        <span
          className="sc-AxiKw eUCEIz"
          fontSize={18}
          fontWeight="bold"
        >
          HTML5|CSS3
        </span>
        <span
          className="sc-AxiKw UyLlj"
          color="secondary"
          display={
            Object {
              "_": "block",
              "mobileL": "none",
            }
          }
          fontSize={22}
          fontWeight="bold"
        >
          9
          /
          10
        </span>
        <div
          className="sc-AxjAm hcQnsb"
          display={
            Object {
              "_": "none",
              "mobileL": "flex",
            }
          }
        >
          <span
            className="sc-AxirZ jPxvnW"
            height={16}
            width={16}
          />
          <span
            className="sc-AxirZ jPxvnW"
            height={16}
            width={16}
          />
          <span
            className="sc-AxirZ jPxvnW"
            height={16}
            width={16}
          />
          <span
            className="sc-AxirZ jPxvnW"
            height={16}
            width={16}
          />
          <span
            className="sc-AxirZ jPxvnW"
            height={16}
            width={16}
          />
          <span
            className="sc-AxirZ jPxvnW"
            height={16}
            width={16}
          />
          <span
            className="sc-AxirZ ksRrQS"
            height={16}
            width={16}
          />
        </div>
      </div>
    </div>
    <div
      className="sc-AxirZ clLqNQ"
      width="100%"
    >
      <label
        className="sc-AxiKw eioTIl"
        color="secondary"
        fontSize={14}
        fontWeight="bold"
      >
        devops
      </label>
      <div
        className="sc-AxjAm ikStGQ"
      >
        <span
          className="sc-AxiKw eUCEIz"
          fontSize={18}
          fontWeight="bold"
        >
          Kubernetes
        </span>
        <span
          className="sc-AxiKw UyLlj"
          color="secondary"
          display={
            Object {
              "_": "block",
              "mobileL": "none",
            }
          }
          fontSize={22}
          fontWeight="bold"
        >
          8
          /
          10
        </span>
        <div
          className="sc-AxjAm hcQnsb"
          display={
            Object {
              "_": "none",
              "mobileL": "flex",
            }
          }
        >
          <span
            className="sc-AxirZ jPxvnW"
            height={16}
            width={16}
          />
          <span
            className="sc-AxirZ jPxvnW"
            height={16}
            width={16}
          />
          <span
            className="sc-AxirZ jPxvnW"
            height={16}
            width={16}
          />
          <span
            className="sc-AxirZ jPxvnW"
            height={16}
            width={16}
          />
          <span
            className="sc-AxirZ jPxvnW"
            height={16}
            width={16}
          />
          <span
            className="sc-AxirZ cihBLs"
            height={16}
            width={16}
          />
          <span
            className="sc-AxirZ ksRrQS"
            height={16}
            width={16}
          />
        </div>
      </div>
      <div
        className="sc-AxjAm ikStGQ"
      >
        <span
          className="sc-AxiKw eUCEIz"
          fontSize={18}
          fontWeight="bold"
        >
          Docker
        </span>
        <span
          className="sc-AxiKw UyLlj"
          color="secondary"
          display={
            Object {
              "_": "block",
              "mobileL": "none",
            }
          }
          fontSize={22}
          fontWeight="bold"
        >
          10
          /
          10
        </span>
        <div
          className="sc-AxjAm hcQnsb"
          display={
            Object {
              "_": "none",
              "mobileL": "flex",
            }
          }
        >
          <span
            className="sc-AxirZ jPxvnW"
            height={16}
            width={16}
          />
          <span
            className="sc-AxirZ jPxvnW"
            height={16}
            width={16}
          />
          <span
            className="sc-AxirZ jPxvnW"
            height={16}
            width={16}
          />
          <span
            className="sc-AxirZ jPxvnW"
            height={16}
            width={16}
          />
          <span
            className="sc-AxirZ jPxvnW"
            height={16}
            width={16}
          />
          <span
            className="sc-AxirZ jPxvnW"
            height={16}
            width={16}
          />
          <span
            className="sc-AxirZ kFNaJk"
            height={16}
            width={16}
          />
        </div>
      </div>
      <div
        className="sc-AxjAm ikStGQ"
      >
        <span
          className="sc-AxiKw eUCEIz"
          fontSize={18}
          fontWeight="bold"
        >
          &lt;GitLab|Travis&gt;CI
        </span>
        <span
          className="sc-AxiKw UyLlj"
          color="secondary"
          display={
            Object {
              "_": "block",
              "mobileL": "none",
            }
          }
          fontSize={22}
          fontWeight="bold"
        >
          10
          /
          10
        </span>
        <div
          className="sc-AxjAm hcQnsb"
          display={
            Object {
              "_": "none",
              "mobileL": "flex",
            }
          }
        >
          <span
            className="sc-AxirZ jPxvnW"
            height={16}
            width={16}
          />
          <span
            className="sc-AxirZ jPxvnW"
            height={16}
            width={16}
          />
          <span
            className="sc-AxirZ jPxvnW"
            height={16}
            width={16}
          />
          <span
            className="sc-AxirZ jPxvnW"
            height={16}
            width={16}
          />
          <span
            className="sc-AxirZ jPxvnW"
            height={16}
            width={16}
          />
          <span
            className="sc-AxirZ jPxvnW"
            height={16}
            width={16}
          />
          <span
            className="sc-AxirZ kFNaJk"
            height={16}
            width={16}
          />
        </div>
      </div>
      <div
        className="sc-AxjAm ikStGQ"
      >
        <span
          className="sc-AxiKw eUCEIz"
          fontSize={18}
          fontWeight="bold"
        >
          Ansible
        </span>
        <span
          className="sc-AxiKw UyLlj"
          color="secondary"
          display={
            Object {
              "_": "block",
              "mobileL": "none",
            }
          }
          fontSize={22}
          fontWeight="bold"
        >
          9
          /
          10
        </span>
        <div
          className="sc-AxjAm hcQnsb"
          display={
            Object {
              "_": "none",
              "mobileL": "flex",
            }
          }
        >
          <span
            className="sc-AxirZ jPxvnW"
            height={16}
            width={16}
          />
          <span
            className="sc-AxirZ jPxvnW"
            height={16}
            width={16}
          />
          <span
            className="sc-AxirZ jPxvnW"
            height={16}
            width={16}
          />
          <span
            className="sc-AxirZ jPxvnW"
            height={16}
            width={16}
          />
          <span
            className="sc-AxirZ jPxvnW"
            height={16}
            width={16}
          />
          <span
            className="sc-AxirZ jPxvnW"
            height={16}
            width={16}
          />
          <span
            className="sc-AxirZ ksRrQS"
            height={16}
            width={16}
          />
        </div>
      </div>
    </div>
    <div
      className="sc-AxirZ clLqNQ"
      width="100%"
    >
      <label
        className="sc-AxiKw eioTIl"
        color="secondary"
        fontSize={14}
        fontWeight="bold"
      >
        frameworks
      </label>
      <div
        className="sc-AxjAm ikStGQ"
      >
        <span
          className="sc-AxiKw eUCEIz"
          fontSize={18}
          fontWeight="bold"
        >
          &lt;Koa|Express&gt;.js
        </span>
        <span
          className="sc-AxiKw UyLlj"
          color="secondary"
          display={
            Object {
              "_": "block",
              "mobileL": "none",
            }
          }
          fontSize={22}
          fontWeight="bold"
        >
          10
          /
          10
        </span>
        <div
          className="sc-AxjAm hcQnsb"
          display={
            Object {
              "_": "none",
              "mobileL": "flex",
            }
          }
        >
          <span
            className="sc-AxirZ jPxvnW"
            height={16}
            width={16}
          />
          <span
            className="sc-AxirZ jPxvnW"
            height={16}
            width={16}
          />
          <span
            className="sc-AxirZ jPxvnW"
            height={16}
            width={16}
          />
          <span
            className="sc-AxirZ jPxvnW"
            height={16}
            width={16}
          />
          <span
            className="sc-AxirZ jPxvnW"
            height={16}
            width={16}
          />
          <span
            className="sc-AxirZ jPxvnW"
            height={16}
            width={16}
          />
          <span
            className="sc-AxirZ kFNaJk"
            height={16}
            width={16}
          />
        </div>
      </div>
      <div
        className="sc-AxjAm ikStGQ"
      >
        <span
          className="sc-AxiKw eUCEIz"
          fontSize={18}
          fontWeight="bold"
        >
          React.js
        </span>
        <span
          className="sc-AxiKw UyLlj"
          color="secondary"
          display={
            Object {
              "_": "block",
              "mobileL": "none",
            }
          }
          fontSize={22}
          fontWeight="bold"
        >
          9
          /
          10
        </span>
        <div
          className="sc-AxjAm hcQnsb"
          display={
            Object {
              "_": "none",
              "mobileL": "flex",
            }
          }
        >
          <span
            className="sc-AxirZ jPxvnW"
            height={16}
            width={16}
          />
          <span
            className="sc-AxirZ jPxvnW"
            height={16}
            width={16}
          />
          <span
            className="sc-AxirZ jPxvnW"
            height={16}
            width={16}
          />
          <span
            className="sc-AxirZ jPxvnW"
            height={16}
            width={16}
          />
          <span
            className="sc-AxirZ jPxvnW"
            height={16}
            width={16}
          />
          <span
            className="sc-AxirZ jPxvnW"
            height={16}
            width={16}
          />
          <span
            className="sc-AxirZ ksRrQS"
            height={16}
            width={16}
          />
        </div>
      </div>
      <div
        className="sc-AxjAm ikStGQ"
      >
        <span
          className="sc-AxiKw eUCEIz"
          fontSize={18}
          fontWeight="bold"
        >
          Jest|Mocha|Chai
        </span>
        <span
          className="sc-AxiKw UyLlj"
          color="secondary"
          display={
            Object {
              "_": "block",
              "mobileL": "none",
            }
          }
          fontSize={22}
          fontWeight="bold"
        >
          9
          /
          10
        </span>
        <div
          className="sc-AxjAm hcQnsb"
          display={
            Object {
              "_": "none",
              "mobileL": "flex",
            }
          }
        >
          <span
            className="sc-AxirZ jPxvnW"
            height={16}
            width={16}
          />
          <span
            className="sc-AxirZ jPxvnW"
            height={16}
            width={16}
          />
          <span
            className="sc-AxirZ jPxvnW"
            height={16}
            width={16}
          />
          <span
            className="sc-AxirZ jPxvnW"
            height={16}
            width={16}
          />
          <span
            className="sc-AxirZ jPxvnW"
            height={16}
            width={16}
          />
          <span
            className="sc-AxirZ jPxvnW"
            height={16}
            width={16}
          />
          <span
            className="sc-AxirZ ksRrQS"
            height={16}
            width={16}
          />
        </div>
      </div>
      <div
        className="sc-AxjAm ikStGQ"
      >
        <span
          className="sc-AxiKw eUCEIz"
          fontSize={18}
          fontWeight="bold"
        >
          Gatsby.js|Next.js
        </span>
        <span
          className="sc-AxiKw UyLlj"
          color="secondary"
          display={
            Object {
              "_": "block",
              "mobileL": "none",
            }
          }
          fontSize={22}
          fontWeight="bold"
        >
          9
          /
          10
        </span>
        <div
          className="sc-AxjAm hcQnsb"
          display={
            Object {
              "_": "none",
              "mobileL": "flex",
            }
          }
        >
          <span
            className="sc-AxirZ jPxvnW"
            height={16}
            width={16}
          />
          <span
            className="sc-AxirZ jPxvnW"
            height={16}
            width={16}
          />
          <span
            className="sc-AxirZ jPxvnW"
            height={16}
            width={16}
          />
          <span
            className="sc-AxirZ jPxvnW"
            height={16}
            width={16}
          />
          <span
            className="sc-AxirZ jPxvnW"
            height={16}
            width={16}
          />
          <span
            className="sc-AxirZ jPxvnW"
            height={16}
            width={16}
          />
          <span
            className="sc-AxirZ ksRrQS"
            height={16}
            width={16}
          />
        </div>
      </div>
    </div>
  </div>
</section>
`;
